---
source: tests/render_snapshots/overlays.rs
expression: output
---
test_project | - | - | no dsn | localhost:5432/test                             
┌ [1] Explorer ────┐[Info] [Cols] [Idx] [FK] [RLS] [Trig] [DDL]                 
│ Press 'r' to load│┌ [2] Inspector ───────────────────────────────────────────┐
│                  ││(select a table)                                          │
│                  ││                                                          │
│       ╭ SQL Editor ── [SQL] [Plan] [Compare] ────────────────────────╮       │
│       │  Right [Latest]                                              │       │
│       │   SELECT * FROM users WHERE email_verified  (EXPLAIN)        │       │
│       │                                                              │       │
│       │  Run EXPLAIN on another query to compare.                    │       │
│       │                                                              │       │
│       │                                                              │───────┘
│       │                                                              │───────┐
│       │                                                              │       │
│       │                                                              │       │
│       │                                                              │       │
│       │ ──────────────────────────────────────────────────────────── │       │
│       │  [NORMAL]                                             Ready  │       │
│       ╰ ^E: Explain │ ↑↓: Scroll │ Tab: Switch │ Esc: Close ─────────╯       │
│                  ││                                                          │
│                  ││                                                          │
└──────────────────┘└──────────────────────────────────────────────────────────┘
