---
source: src/tests/render_snapshots/overlays.rs
assertion_line: 412
expression: output
---
test_project | test_db | - | no dsn | localhost:54
┌ [1] Explor┐[Info] [Cols] [Idx] [FK] [RLS] [Trig]
│> publi╭ Help ───────────────────────────╮──────┐
│  publi│                     Return to N▲│      │
│  publi│                     Move cursor││      │
│       │                     Line start/││      │
│       │                     Insert tab ││      │
│       │                     Trigger com││      │
│       │                     Preview and││      │
│       │                     Edit cell v││      │
│       │                     Move cursor┃│      │
│       │                     Jump to sta││──────┘
│       │                     Open comman││──────┐
│       │                     Exit to Cel││      │
│       │                     Line start/││      │
│       │                     Cancel and ││      │
│       │                                ││      │
│       │                                ││      │
│       │                     Type to fil││      │
│       │                     Type to sea▼│      │
│       │ col  25% ◀︎────═════───────────▶︎ │      │
└───────╰ type: Filter │ Backspace: Edit │╯──────┘
←→:H-Scroll  ?:Close
