---
source: src/tests/render_snapshots/connection_flow.rs
expression: output
---
test_project ▸ - ▸ -                                                                                                                     no dsn | localhost:5432/test
┌ [1] Explorer ─────────────────────────┐[Info] [Cols] [Idx] [FK] [RLS] [Trig] [DDL]                                                                                 
│ Press 'r' to load metadata            │┌ [2] Inspector ───────────────────────────────────────────────────────────────────────────────────────────────────────────┐
│                                       ││(select a table)                                                                                                          │
│                                       ││                                                                                                                          │
│                                       ││                                                                                                                          │
│                                       ││                                                                                                                          │
│                                       ││                                                                                                                          │
│                                       ││                                                                                                                          │
│                                       ││                                                                                                                          │
│                                       ││                                                                                                                          │
│                                       ││                                                                                                                          │
│                                       ││                                                                                                                          │
│                                       ││                                                                                                                          │
│                                       ││                                                                                                                          │
│                                       ││                                                                                                                          │
│                                       ││                                                                                                                          │
│                                       ││                                                                                                                          │
│                                       ││          ╭ New Connection ────────────────────────────────────────────╮                                                  │
│                                       ││          │                                                            │                                                  │
│                                       ││          │  Name:       [                            ]                │                                                  │
│                                       ││          │  Host:       [ /var/run/postgresql        ]                │                                                  │
│                                       ││          │  Port:       [ 5432                       ]                │                                                  │
│                                       ││          │  Database:   [ my'db                      ]                │                                                  │
│                                       │└──────────│  User:       [ user'org                   ]                │──────────────────────────────────────────────────┘
│                                       │┌ [3] Resul│  Password:   [ empty = psql default       ]                │──────────────────────────────────────────────────┐
│                                       ││(select a │  SSL Mode:   [ prefer                   ▼ ]                │                                                  │
│                                       ││          │                                                            │                                                  │
│                                       ││          │  → host='/var/run/postgresql' port='5432' dbname='my\'db'  │                                                  │
│                                       ││          │     user='user\'org' sslmode='prefer'                      │                                                  │
│                                       ││          │  Note: Connection info is stored locally in plain text     │                                                  │
│                                       ││          │                                                            │                                                  │
│                                       ││          ╰ Tab/⇧Tab: Field │ ^S: Connect │ Esc: Cancel ───────────────╯                                                  │
│                                       ││                                                                                                                          │
│                                       ││                                                                                                                          │
│                                       ││                                                                                                                          │
│                                       ││                                                                                                                          │
│                                       ││                                                                                                                          │
│                                       ││                                                                                                                          │
│                                       ││                                                                                                                          │
│                                       ││                                                                                                                          │
│                                       ││                                                                                                                          │
│                                       ││                                                                                                                          │
│                                       ││                                                                                                                          │
│                                       ││                                                                                                                          │
│                                       ││                                                                                                                          │
│                                       ││                                                                                                                          │
│                                       ││                                                                                                                          │
└───────────────────────────────────────┘└──────────────────────────────────────────────────────────────────────────────────────────────────────────────────────────┘
^S:Connect  Tab/⇧Tab:Field  Esc:Cancel
