---
source: src/tests/render_snapshots/connection_flow.rs
assertion_line: 125
expression: output
---
test_project | - | - | no dsn | localhost:5432/test                                                                                                                  
┌ [1] Explorer ─────────────────────────┐[Info] [Cols] [Idx] [FK] [RLS] [Trig] [DDL]                                                                                 
│ Press 'r' to load metadata            │┌ [2] Inspector ───────────────────────────────────────────────────────────────────────────────────────────────────────────┐
│                                       ││(select a table)                                                                                                          │
│                                       ││                                                                                                                          │
│                                       ││                                                                                                                          │
│                                       ││                                                                                                                          │
│                                       ││                                                                                                                          │
│                                       ││                                                                                                                          │
│                                       ││                                                                                                                          │
│                                       ││                                                                                                                          │
│                                       ││                                                                                                                          │
│                                       ││                                                                                                                          │
│                                       ││                                                                                                                          │
│                                       ││                                                                                                                          │
│                                       ││                                                                                                                          │
│                                       ││                                                                                                                          │
│                                       ││                                                                                                                          │
│                                       ││                                                                                                                          │
│                                       ││          ╭ New Connection ────────────────────────────────────────────╮                                                  │
│                                       ││          │                                                            │                                                  │
│                                       ││          │  Type:       [ PostgreSQL               ▼ ]                │                                                  │
│                                       ││          │  Name:       [                            ]                │                                                  │
│                                       ││          │  Host:       [                            ] Required       │                                                  │
│                                       │└──────────│  Port:       [ 5432                       ]                │──────────────────────────────────────────────────┘
│                                       │┌ [3] Resul│  Database:   [                            ] Required       │──────────────────────────────────────────────────┐
│                                       ││(select a │  User:       [                            ] Required       │                                                  │
│                                       ││          │  Password:   [                            ]                │                                                  │
│                                       ││          │  SSL Mode:   [ prefer                   ▼ ]                │                                                  │
│                                       ││          │                                                            │                                                  │
│                                       ││          │  Note: Connection info is stored locally in plain text     │                                                  │
│                                       ││          │                                                            │                                                  │
│                                       ││          ╰ Tab: Next │ Shift+Tab: Prev │ Enter: Toggle │ Esc: Cancel ─╯                                                  │
│                                       ││                                                                                                                          │
│                                       ││                                                                                                                          │
│                                       ││                                                                                                                          │
│                                       ││                                                                                                                          │
│                                       ││                                                                                                                          │
│                                       ││                                                                                                                          │
│                                       ││                                                                                                                          │
│                                       ││                                                                                                                          │
│                                       ││                                                                                                                          │
│                                       ││                                                                                                                          │
│                                       ││                                                                                                                          │
│                                       ││                                                                                                                          │
│                                       ││                                                                                                                          │
│                                       ││                                                                                                                          │
│                                       ││                                                                                                                          │
└───────────────────────────────────────┘└──────────────────────────────────────────────────────────────────────────────────────────────────────────────────────────┘
Enter:Toggle  Tab:Next  ⇧Tab:Prev  Esc:Cancel
