---
source: src/tests/render_snapshots/connection_flow.rs
expression: output
---
test_project ▸ - ▸ -                                                                                                                 not loaded | localhost:5432/test
┌ [1] Explorer ─────────────────────────┐[Info] [Cols] [Idx] [FK] [RLS] [Trig] [DDL]                                                                                 
│ Press 'r' to load metadata            │┌ [2] Inspector ───────────────────────────────────────────────────────────────────────────────────────────────────────────┐
│                                       ││(select a table)                                                                                                          │
│                                       ││                                                                                                                          │
│                                       ││                                                                                                                          │
│                                       ││                                                                                                                          │
│                                       ││                                                                                                                          │
│                                       ││                                                                                                                          │
│                                       ││                                                                                                                          │
│                                       ││                                                                                                                          │
│                                       ││                                                                                                                          │
│                                       ││                                                                                                                          │
│                                       ││                                                                                                                          │
│                                       ││                                                                                                                          │
│                                       ││                                                                                                                          │
│                                       ││          ╭ New Connection ────────────────────────────────────────────╮                                                  │
│                                       ││          │                                                            │                                                  │
│                                       ││          │  Type:       [ PostgreSQL               ▼ ]                │                                                  │
│                                       ││          │  Name:       [                            ]                │                                                  │
│                                       ││          │  Host:       [ analytics-primary-read-rep ]                │                                                  │
│                                       ││          │  Port:       [ 5432                       ]                │                                                  │
│                                       ││          │  Database:   [ warehouse_reporting_enviro ]                │                                                  │
│                                       ││          │  User:       [ customer_success_preview_v ]                │                                                  │
│                                       │└──────────│  Password:   [ empty = psql default       ]                │──────────────────────────────────────────────────┘
│                                       │┌ [3] Resul│  SSL Mode:   [ prefer                   ▼ ]                │──────────────────────────────────────────────────┐
│                                       ││(select a │                                                            │                                                  │
│                                       ││          │  → host='analytics-primary-read-replica.cluster.internal.  │                                                  │
│                                       ││          │    example.company.service' port='5432' dbname='warehouse  │                                                  │
│                                       ││          │    _reporting_environment_for_customer_success_dashboards  │                                                  │
│                                       ││          │    ' user='customer_success_preview_validation_operator_w  │                                                  │
│                                       ││          │    ith_extended_scope' sslmode='prefer'                    │                                                  │
│                                       ││          │  Note: Passwords use the OS secret store when supported    │                                                  │
│                                       ││          │                                                            │                                                  │
│                                       ││          ╰ Tab/⇧Tab: Field │ Enter: Toggle │ ^S: Connect │ Esc: Cancel╯                                                  │
│                                       ││                                                                                                                          │
│                                       ││                                                                                                                          │
│                                       ││                                                                                                                          │
│                                       ││                                                                                                                          │
│                                       ││                                                                                                                          │
│                                       ││                                                                                                                          │
│                                       ││                                                                                                                          │
│                                       ││                                                                                                                          │
│                                       ││                                                                                                                          │
│                                       ││                                                                                                                          │
│                                       ││                                                                                                                          │
│                                       ││                                                                                                                          │
│                                       ││                                                                                                                          │
└───────────────────────────────────────┘└──────────────────────────────────────────────────────────────────────────────────────────────────────────────────────────┘
