---
source: src/tests/render_snapshots/confirm_dialogs.rs
assertion_line: 189
expression: output
---
test_project | test_db | - | no dsn | localhost:5432/test                                                                                                            
┌ [1] Explorer ─────────────────────────┐[Info] [Cols] [Idx] [FK] [RLS] [Trig] [DDL]                                                                                 
│> public.users                         │┌ [2] Inspector ───────────────────────────────────────────────────────────────────────────────────────────────────────────┐
│  public.posts                         ││(select a table)                                                                                                          │
│  public.comments                      ││                                                                                                                          │
│                                       ││                                                                                                                          │
│                                       ││                                                                                                                          │
│                                       ││                                                                                                                          │
│                                       ││                                                                                                                          │
│                                       ││                                                                                                                          │
│                                       ││                                                                                                                          │
│                                       ││                                                                                                                          │
│                                       ││                                                                                                                          │
│                                       ││                                                                                                                          │
│                                       ││                                                                                                                          │
│                                       ││                                                                                                                          │
│                                       ││             ╭ Confirm UPDATE: logs ────────────────────────────────╮                                                     │
│                                       ││             │                                                      │                                                     │
│                                       ││             │ ✓ LOW RISK                                           │                                                     │
│                                       ││             │                                                      │                                                     │
│                                       ││             │ Target                                               │                                                     │
│                                       ││             │   Method: SQLite rowid                               │                                                     │
│                                       ││             │   rowid: "7"                                         │                                                     │
│                                       ││             │                                                      │                                                     │
│                                       │└─────────────│ Diff                                                 │─────────────────────────────────────────────────────┘
│                                       │┌ [3] Result ─│   message:                                           │─────────────────────────────────────────────────────┐
│                                       ││(select a tab│     - "old"                                          │                                                     │
│                                       ││             │     + "new"                                          │                                                     │
│                                       ││             │                                                      │                                                     │
│                                       ││             │ SQL Preview                                          │                                                     │
│                                       ││             │   UPDATE "logs"                                      │                                                     │
│                                       ││             │   SET "message" = 'new'                              │                                                     │
│                                       ││             │   WHERE "rowid" = 7 AND "message" = 'old';           │                                                     │
│                                       ││             │                                                      │                                                     │
│                                       ││             ╰ Enter: Confirm │ Esc: Cancel ────────────────────────╯                                                     │
│                                       ││                                                                                                                          │
│                                       ││                                                                                                                          │
│                                       ││                                                                                                                          │
│                                       ││                                                                                                                          │
│                                       ││                                                                                                                          │
│                                       ││                                                                                                                          │
│                                       ││                                                                                                                          │
│                                       ││                                                                                                                          │
│                                       ││                                                                                                                          │
│                                       ││                                                                                                                          │
│                                       ││                                                                                                                          │
│                                       ││                                                                                                                          │
│                                       ││                                                                                                                          │
└───────────────────────────────────────┘└──────────────────────────────────────────────────────────────────────────────────────────────────────────────────────────┘
