---
source: src/tests/render_snapshots/overlays.rs
expression: output
---
test_project | test_db | - | no dsn | localhost:54
┌ [1] Explor┐[Info] [Cols] [Idx] [FK] [RLS] [Trig]
│> publi╭ Help ───────────────────────────╮──────┐
│  publi│                             Ret▲│      │
│  publi│                             Mov││      │
│       │                             Lin││      │
│       │                             Ins││      │
│       │                             Pre││      │
│       │                             Edi││      │
│       │                             Mov┃│      │
│       │                             Jum┃│      │
│       │                             Ope││──────┘
│       │                             Exi││──────┐
│       │                             Lin││      │
│       │                             Exe││      │
│       │                             Can││      │
│       │                                ││      │
│       │                                ││      │
│       │                             Typ││      │
│       │                             Typ▼│      │
│       │ x  23% ◀︎────═════─────────────▶︎ │      │
└───────╰ Tab: Toggle │ Esc: Close │ ?: Cl╯──────┘
←→:H-Scroll  ?:Close
