---
source: src/tests/render_snapshots/connection_flow.rs
expression: output
---
test_project | - | - | no dsn | localhost:5432/test                                                                                                                  
┌ [1] Explorer ─────────────────────────┐[Info] [Cols] [Idx] [FK] [RLS] [Trig] [DDL]                                                                                 
│ Press 'r' to load metadata            │┌ [2] Inspector ───────────────────────────────────────────────────────────────────────────────────────────────────────────┐
│                                       ││(select a table)                                                                                                          │
│                                       ││                                                                                                                          │
│                                       ││                                                                                                                          │
│                                       ││                                                                                                                          │
│                                       ││                                                                                                                          │
│                                       ││                                                                                                                          │
│                                       ││                                                                                                                          │
│                                       ││                                                                                                                          │
│                                       ││                                                                                                                          │
│                                       ││                                                                                                                          │
│                                       ││                                                                                                                          │
│                                       ││                                                                                                                          │
│                                       ││                                                                                                                          │
│                                       ││                                                                                                                          │
│                                       ││                                                                                                                          │
│                                       ││                                                                                                                          │
│                                       ││          ╭ New Connection ────────────────────────────────────────────╮                                                  │
│                                       ││          │                                                            │                                                  │
│                                       ││          │  Name:       [                            ]                │                                                  │
│                                       ││          │  Host:       [ localhost                  ]                │                                                  │
│                                       ││          │  Port:       [ 5432                       ]                │                                                  │
│                                       │└──────────│  Database:   [                            ]                │──────────────────────────────────────────────────┘
│                                       │┌ [3] Resul│  User:       [ empty = psql default       ]                │──────────────────────────────────────────────────┐
│                                       ││(select a │  Password:   [                            ]                │                                                  │
│                                       ││          │  SSL Mode:   [ prefer                   ▼ ]                │                                                  │
│                                       ││          │                                                            │                                                  │
│                                       ││          │  → host='localhost' port='5432' sslmode='prefer'           │                                                  │
│                                       ││          │  Note: Connection info is stored locally in plain text     │                                                  │
│                                       ││          │                                                            │                                                  │
│                                       ││          ╰ Tab/⇧Tab: Field │ Enter: Toggle │ ^S: Connect │ Esc: Cancel╯                                                  │
│                                       ││                                                                                                                          │
│                                       ││                                                                                                                          │
│                                       ││                                                                                                                          │
│                                       ││                                                                                                                          │
│                                       ││                                                                                                                          │
│                                       ││                                                                                                                          │
│                                       ││                                                                                                                          │
│                                       ││                                                                                                                          │
│                                       ││                                                                                                                          │
│                                       ││                                                                                                                          │
│                                       ││                                                                                                                          │
│                                       ││                                                                                                                          │
│                                       ││                                                                                                                          │
│                                       ││                                                                                                                          │
│                                       ││                                                                                                                          │
└───────────────────────────────────────┘└──────────────────────────────────────────────────────────────────────────────────────────────────────────────────────────┘
Enter:Toggle  ^S:Connect  Tab/⇧Tab:Field  Esc:Cancel
