---
source: tests/render_snapshots.rs
expression: output
---
test_project | - | - | no dsn | localhost:5432/test                             
┌ [1] Explorer ────┐[Info] [Cols] [Idx] [FK] [RLS] [Trig] [DDL]                 
│ Press 'r' to load│┌ [2] Inspector ───────────────────────────────────────────┐
│                  ││(select a table)                                          │
│           ╭ Query History ───────────────────────────────────────╮           │
│           │  > █                                                 │           │
│           │▸   █ SELECT count(*) FROM users    2026-03-13T12:00  │           │
│           │    █ INSERT INTO orders (user_id…  2026-03-13T11:00  │           │
│           │    █ SELECT * FROM users WHERE i…  2026-03-13T10:00  │           │
│           │                                                      │           │
│           │                                                      │           │
│           │                                                      │───────────┘
│           │                                                      │───────────┐
│           │                                                      │           │
│           │                                                      │           │
│           │ Preview ─────────────────────────────────────────────│           │
│           │(legacy)  │ 2026-03-13T12:00:00Z                      │           │
│           │                                                      │           │
│           │SELECT count(*) FROM users                            │           │
│           ╰ 3 entries │ ↑↓ Navigate │ Enter Select ──────────────╯           │
│                  ││                                                          │
└──────────────────┘└──────────────────────────────────────────────────────────┘
Enter:Select  type:Filter  ↑↓:Navigate  Esc:Close
